<!DOCTYPE html>
<html>

<head>
  <meta charset="utf-8">
  <title>PostHTML</title>
  <link rel="stylesheet" href="index.css">
</head>

<body>
  <div class="container">
    <header class="header">
      <h1 class="header__title">PostHTML Example</h1>
    </header>
    <main class="main">
      <div style="background: #fff;" class="content">
        <h1 style="font-size: 3em;" class="content__title">Title</h1>
        <p style="color: red;" class="content__text content__text-red">Text</p>
      </div>
    </main>
  </div>

  <script src="index.js"></script>
</body>

</html>
