<!DOCTYPE html>
<html>
    <head></head>
    <body>
        <h1 class="_title_116zl_1 _heading_9dkf">My profile</h1>
        <div class="_profile_user_f93j">John</div>
    </body>
</html>
